// Jest Snapshot v1, https://goo.gl/fbAQLP

exports[`正しいレンダリング 1`] = `
<p>
  1482363367.071
   seconds have ellapsed since the UNIX epoch.
</p>
`;
