// Jest Snapshot v1, https://goo.gl/fbAQLP

exports[`正しくレンダリングされる 1`] = `
<a
  className="normal"
  href="http://www.instagram.com"
  onMouseEnter={[Function]}
  onMouseLeave={[Function]}
>
  Instagram
</a>
`;
